── Attaching core tidyverse packages ──────────────────────── tidyverse 2.0.0 ──
✔ dplyr     1.2.1     ✔ readr     2.2.0
✔ forcats   1.0.1     ✔ stringr   1.6.0
✔ ggplot2   4.0.3     ✔ tibble    3.3.1
✔ lubridate 1.9.5     ✔ tidyr     1.3.2
✔ purrr     1.2.2     
── Conflicts ────────────────────────────────────────── tidyverse_conflicts() ──
✖ dplyr::filter() masks stats::filter()
✖ dplyr::lag()    masks stats::lag()
ℹ Use the conflicted package (<http://conflicted.r-lib.org/>) to force all conflicts to become errors
Loading required package: zoo

Attaching package: 'zoo'

The following objects are masked from 'package:base':

    as.Date, as.Date.numeric

Loading required package: carData

Attaching package: 'car'

The following object is masked from 'package:dplyr':

    recode

The following object is masked from 'package:purrr':

    some


--- Aperçu des données ---
  youtube facebook newspaper sales
1  276.12    45.36     83.04 26.52
2   53.40    47.16     54.12 12.48
3   20.64    55.08     83.16 11.16
4  181.80    49.56     70.20 22.20
5  216.96    12.96     70.08 15.48
6   10.44    58.68     90.00  8.64

--- Dimensions ---
[1] 200   4

--- Résumé statistique ---
    youtube          facebook       newspaper          sales      
 Min.   :  0.84   Min.   : 0.00   Min.   :  0.36   Min.   : 1.92  
 1st Qu.: 89.25   1st Qu.:11.97   1st Qu.: 15.30   1st Qu.:12.45  
 Median :179.70   Median :27.48   Median : 30.90   Median :15.48  
 Mean   :176.45   Mean   :27.92   Mean   : 36.66   Mean   :16.83  
 3rd Qu.:262.59   3rd Qu.:43.83   3rd Qu.: 54.12   3rd Qu.:20.88  
 Max.   :355.68   Max.   :59.52   Max.   :136.80   Max.   :32.40  

--- Valeurs manquantes ---
  youtube  facebook newspaper     sales 
        0         0         0         0 

--- Corrélations ---
          youtube facebook newspaper sales
youtube     1.000    0.055     0.057 0.782
facebook    0.055    1.000     0.354 0.576
newspaper   0.057    0.354     1.000 0.228
sales       0.782    0.576     0.228 1.000

--- Résumé du modèle complet ---

Call:
lm(formula = sales ~ youtube + facebook + newspaper, data = marketing)

Residuals:
     Min       1Q   Median       3Q      Max 
-10.5932  -1.0690   0.2902   1.4272   3.3951 

Coefficients:
             Estimate Std. Error t value Pr(>|t|)    
(Intercept)  3.526667   0.374290   9.422   <2e-16 ***
youtube      0.045765   0.001395  32.809   <2e-16 ***
facebook     0.188530   0.008611  21.893   <2e-16 ***
newspaper   -0.001037   0.005871  -0.177     0.86    
---
Signif. codes:  0 '***' 0.001 '**' 0.01 '*' 0.05 '.' 0.1 ' ' 1

Residual standard error: 2.023 on 196 degrees of freedom
Multiple R-squared:  0.8972,	Adjusted R-squared:  0.8956 
F-statistic: 570.3 on 3 and 196 DF,  p-value: < 2.2e-16


--- Test de Fisher (significativité globale) ---
F = 570.271   ddl1 = 3   ddl2 = 196 
p-value globale = < 2.22e-16 

--- Coefficients et intervalles de confiance ---
            Estimate Std. Error t value Pr(>|t|)
(Intercept)   3.5267     0.3743  9.4223   0.0000
youtube       0.0458     0.0014 32.8086   0.0000
facebook      0.1885     0.0086 21.8935   0.0000
newspaper    -0.0010     0.0059 -0.1767   0.8599
                  2.5 %     97.5 %
(Intercept)  2.78851474 4.26481975
youtube      0.04301371 0.04851558
facebook     0.17154745 0.20551259
newspaper   -0.01261595 0.01054097

--- Modèle réduit (sans newspaper) ---

Call:
lm(formula = sales ~ youtube + facebook, data = marketing)

Residuals:
     Min       1Q   Median       3Q      Max 
-10.5572  -1.0502   0.2906   1.4049   3.3994 

Coefficients:
            Estimate Std. Error t value Pr(>|t|)    
(Intercept)  3.50532    0.35339   9.919   <2e-16 ***
youtube      0.04575    0.00139  32.909   <2e-16 ***
facebook     0.18799    0.00804  23.382   <2e-16 ***
---
Signif. codes:  0 '***' 0.001 '**' 0.01 '*' 0.05 '.' 0.1 ' ' 1

Residual standard error: 2.018 on 197 degrees of freedom
Multiple R-squared:  0.8972,	Adjusted R-squared:  0.8962 
F-statistic: 859.6 on 2 and 197 DF,  p-value: < 2.2e-16


--- ANOVA : reg1 vs reg2 ---
Analysis of Variance Table

Model 1: sales ~ youtube + facebook
Model 2: sales ~ youtube + facebook + newspaper
  Res.Df    RSS Df Sum of Sq      F Pr(>F)
1    197 801.96                           
2    196 801.83  1   0.12775 0.0312 0.8599

--- Test de Shapiro-Wilk (normalité des résidus) ---

	Shapiro-Wilk normality test

data:  residuals(reg2)
W = 0.91804, p-value = 4.19e-09


--- Test de Breusch-Pagan (homoscédasticité) ---

	studentized Breusch-Pagan test

data:  reg2
BP = 4.8093, df = 2, p-value = 0.0903


--- Test de Durbin-Watson (autocorrélation) ---

	Durbin-Watson test

data:  reg2
DW = 2.0808, p-value = 0.7172
alternative hypothesis: true autocorrelation is greater than 0


--- VIF (multicolinéarité) ---
 youtube facebook 
1.003013 1.003013 

--- Comparaison R^2, R^2 ajusté, AIC, BIC ---
                 Modele        R2 R2_ajuste      AIC      BIC
1    reg1 (3 variables) 0.8972106 0.8956373 855.2909 871.7824
2 reg2 (sans newspaper) 0.8971943 0.8961505 853.3227 866.5160

--- Prédictions pour de nouveaux budgets ---
  youtube facebook   fit   lwr   upr
1     100       20 11.84 11.47 12.21
2     200       30 18.30 18.01 18.59
3     300       40 24.75 24.28 25.22

=============================================================
 CONCLUSIONS BUSINESS
=============================================================
- YouTube et Facebook ont un effet positif et significatif sur
  les ventes ; Newspaper n'est pas significatif.
- Pour 1 000 $ supplémentaires investis :
    * YouTube  -> +45.75 unites de ventes
    * Facebook -> +187.99 unites de ventes
- Recommandation : reallouer le budget Newspaper vers Facebook
  (ROI marginal le plus eleve) puis YouTube.
- Limites : effets d'interaction non modelises, donnees limitees
  a 200 observations, pas de dimension temporelle.
